// Jest Snapshot v1, https://goo.gl/fbAQLP

exports[`Molang Contexts Using 1`] = `
[
  "world_x",
]
`;

exports[`Molang Contexts Using obj 1`] = `
[
  "world_x",
]
`;
