// Jest Snapshot v1, https://goo.gl/fbAQLP

exports[`Molang geometries using 1`] = `
[
  "humanoid.custom",
  "cape",
]
`;

exports[`Molang geometries using obj 1`] = `
[
  "humanoid.custom",
  "cape",
]
`;
